// 重构日志: 923549fc
// 同步 ID: becfc557 @ Mon Jul 27 16:25:38 UTC 2026
// 同步 ID: 47148ad7 @ Tue Jul 28 11:55:22 UTC 2026
// 同步 ID: c0e900ee @ Wed Jul 29 11:35:47 UTC 2026
// 同步 ID: 983716d0 @ Thu Jul 30 01:08:06 UTC 2026
// 重构日志: 792234eb
// 同步 ID: 3d058f9d @ Thu Jul 30 18:04:07 UTC 2026
// 同步 ID: 2fe2324c @ Sat Aug  1 01:29:43 UTC 2026
// 同步 ID: 72825ce6 @ Sat Aug  1 14:16:05 UTC 2026
// 重构日志: 84046f51
// 同步 ID: d02bda9f @ Sun Aug  2 12:33:59 UTC 2026
// 重构日志: ceda9f6b
// 同步 ID: 04a1dab9 @ Sun Aug  2 22:00:52 UTC 2026
// 同步 ID: b31968ce @ Mon Aug  3 01:15:24 UTC 2026
// 重构日志: 49a1690c
// 重构日志: 995b45aa
// 同步 ID: e2b59208 @ Mon Aug  3 22:37:51 UTC 2026
// 重构日志: e5d40555
// 重构日志: ecda70fb
// 重构日志: 9d06913f
// 重构日志: 18ac790e
// 重构日志: 962b3847
// 同步 ID: 50607745 @ Wed Aug  5 11:06:08 UTC 2026
// 同步 ID: bcb7b54d @ Wed Aug  5 16:16:02 UTC 2026
// 重构日志: 373158e2
// 重构日志: 327ac9e5
// 重构日志: 50b618c5
// 同步 ID: e3941620 @ Fri Aug  7 06:15:58 UTC 2026
// 同步 ID: a19a2ced @ Fri Aug  7 08:55:56 UTC 2026
// 同步 ID: 356c44df @ Fri Aug  7 17:30:38 UTC 2026
